// Jest Snapshot v1, https://goo.gl/fbAQLP

exports[`Matches snapshot 1`] = `
<section
  className="section"
>
  <h2
    className="welcome-title"
  >
    The Ultimate Online Calculator for All Your Math Needs
  </h2>
  <div
    className="content"
  >
    <p>
      Welcome to our online calculator! Whether you need to calculate a simple equation or solve a complex trigonometric problem,
    </p>
    <p>
      our calculator has got you covered. Here are some of the features and benefits that make our calculator the best tool for all your math needs :
    </p>
    <ul
      className="orderedList"
    >
      <li>
        Easy to Use: Our calculator is designed to be intuitive and user-friendly, with clear instructions on how to use each function.
      </li>
      <li>
        Responsive Design: Our calculator works seamlessly on desktop and mobile devices, ensuring that you can use it whenever and wherever you need it.
      </li>
      <li>
        Memory Feature: Our calculator includes a memory function that allows you to save and recall previous calculations, making it easy to reference past work.
      </li>
    </ul>
    <p>
      Thank you for choosing our calculator as your go-to tool for all your math needs. Start calculating today and see how our calculator can make your life easier!
    </p>
  </div>
</section>
`;

exports[`renders correctly 1`] = `
<section
  className="section"
>
  <h2
    className="welcome-title"
  >
    The Ultimate Online Calculator for All Your Math Needs
  </h2>
  <div
    className="content"
  >
    <p>
      Welcome to our online calculator! Whether you need to calculate a simple equation or solve a complex trigonometric problem,
    </p>
    <p>
      our calculator has got you covered. Here are some of the features and benefits that make our calculator the best tool for all your math needs :
    </p>
    <ul
      className="orderedList"
    >
      <li>
        Easy to Use: Our calculator is designed to be intuitive and user-friendly, with clear instructions on how to use each function.
      </li>
      <li>
        Responsive Design: Our calculator works seamlessly on desktop and mobile devices, ensuring that you can use it whenever and wherever you need it.
      </li>
      <li>
        Memory Feature: Our calculator includes a memory function that allows you to save and recall previous calculations, making it easy to reference past work.
      </li>
    </ul>
    <p>
      Thank you for choosing our calculator as your go-to tool for all your math needs. Start calculating today and see how our calculator can make your life easier!
    </p>
  </div>
</section>
`;
